18:33:41 **** Incremental Build of configuration Debug for project STM32H725VGT6 ****
make -j6 all 
arm-none-eabi-size   STM32H725VGT6.elf 
   text	   data	    bss	    dec	    hex	filename
   2844	     24	   1568	   4436	   1154	STM32H725VGT6.elf
Finished building: default.size.stdout
 
18:35:42 **** Incremental Build of configuration Debug for project STM32H725VGT6 ****
make -j6 all 
arm-none-eabi-size   STM32H725VGT6.elf 
   text	   data	    bss	    dec	    hex	filename
   2844	     24	   1568	   4436	   1154	STM32H725VGT6.elf
Finished building: default.size.stdout
 
18:35:55 **** Incremental Build of configuration Debug for project STM32H725VGT6 ****
make -j6 all 
arm-none-eabi-size   STM32H725VGT6.elf 
   text	   data	    bss	    dec	    hex	filename
   2844	     24	   1568	   4436	   1154	STM32H725VGT6.elf
Finished building: default.size.stdout
 
18:36:08 **** Incremental Build of configuration Debug for project STM32H725VGT6 ****
make -j6 all 
arm-none-eabi-size   STM32H725VGT6.elf 
   text	   data	    bss	    dec	    hex	filename
   2844	     24	   1568	   4436	   1154	STM32H725VGT6.elf
Finished building: default.size.stdout
 
18:36:17 **** Incremental Build of configuration Debug for project STM32H725VGT6 ****
make -j6 all 
arm-none-eabi-size   STM32H725VGT6.elf 
   text	   data	    bss	    dec	    hex	filename
   2844	     24	   1568	   4436	   1154	STM32H725VGT6.elf
Finished building: default.size.stdout
 
18:37:35 **** Incremental Build of configuration Debug for project STM32H725VGT6 ****
make -j6 all 
arm-none-eabi-size   STM32H725VGT6.elf 
   text	   data	    bss	    dec	    hex	filename
   2844	     24	   1568	   4436	   1154	STM32H725VGT6.elf
Finished building: default.size.stdout
 
18:43:31 **** Incremental Build of configuration Debug for project STM32H725VGT6 ****
make -j6 all 
arm-none-eabi-size   STM32H725VGT6.elf 
   text	   data	    bss	    dec	    hex	filename
   2844	     24	   1568	   4436	   1154	STM32H725VGT6.elf
Finished building: default.size.stdout
 
18:44:40 **** Incremental Build of configuration Debug for project STM32H725VGT6 ****
make -j6 all 
arm-none-eabi-size   STM32H725VGT6.elf 
   text	   data	    bss	    dec	    hex	filename
   2844	     24	   1568	   4436	   1154	STM32H725VGT6.elf
Finished building: default.size.stdout
 
18:46:13 **** Incremental Build of configuration Debug for project STM32H725VGT6 ****
make -j6 all 
arm-none-eabi-size   STM32H725VGT6.elf 
   text	   data	    bss	    dec	    hex	filename
   2844	     24	   1568	   4436	   1154	STM32H725VGT6.elf
Finished building: default.size.stdout
 
18:48:09 **** Incremental Build of configuration Debug for project STM32H725VGT6 ****
make -j6 all 
arm-none-eabi-size   STM32H725VGT6.elf 
   text	   data	    bss	    dec	    hex	filename
   2844	     24	   1568	   4436	   1154	STM32H725VGT6.elf
Finished building: default.size.stdout
 
18:48:17 **** Incremental Build of configuration Debug for project STM32H725VGT6 ****
make -j6 all 
arm-none-eabi-size   STM32H725VGT6.elf 
   text	   data	    bss	    dec	    hex	filename
   2844	     24	   1568	   4436	   1154	STM32H725VGT6.elf
Finished building: default.size.stdout
 
18:53:06 **** Incremental Build of configuration Debug for project STM32H725VGT6 ****
make -j6 all 
arm-none-eabi-size   STM32H725VGT6.elf 
   text	   data	    bss	    dec	    hex	filename
   2844	     24	   1568	   4436	   1154	STM32H725VGT6.elf
Finished building: default.size.stdout
 
19:10:12 **** Incremental Build of configuration Debug for project STM32H725VGT6 ****
make -j6 all 
arm-none-eabi-size   STM32H725VGT6.elf 
   text	   data	    bss	    dec	    hex	filename
   2844	     24	   1568	   4436	   1154	STM32H725VGT6.elf
Finished building: default.size.stdout
 
19:11:45 **** Incremental Build of configuration Debug for project STM32H725VGT6 ****
make -j6 all 
arm-none-eabi-size   STM32H725VGT6.elf 
   text	   data	    bss	    dec	    hex	filename
   2844	     24	   1568	   4436	   1154	STM32H725VGT6.elf
Finished building: default.size.stdout
 
19:15:56 **** Incremental Build of configuration Debug for project STM32H725VGT6 ****
make -j6 all 
arm-none-eabi-size   STM32H725VGT6.elf 
   text	   data	    bss	    dec	    hex	filename
   2844	     24	   1568	   4436	   1154	STM32H725VGT6.elf
Finished building: default.size.stdout
 
19:16:04 **** Incremental Build of configuration Debug for project STM32H725VGT6 ****
make -j6 all 
arm-none-eabi-size   STM32H725VGT6.elf 
   text	   data	    bss	    dec	    hex	filename
   2844	     24	   1568	   4436	   1154	STM32H725VGT6.elf
Finished building: default.size.stdout
 
19:16:17 **** Incremental Build of configuration Debug for project STM32H725VGT6 ****
make -j6 all 
arm-none-eabi-size   STM32H725VGT6.elf 
   text	   data	    bss	    dec	    hex	filename
   2844	     24	   1568	   4436	   1154	STM32H725VGT6.elf
Finished building: default.size.stdout
 
19:17:33 **** Incremental Build of configuration Debug for project STM32H725VGT6 ****
make -j6 all 
arm-none-eabi-size   STM32H725VGT6.elf 
   text	   data	    bss	    dec	    hex	filename
   2844	     24	   1568	   4436	   1154	STM32H725VGT6.elf
Finished building: default.size.stdout
 
19:23:40 **** Incremental Build of configuration Debug for project STM32H725VGT6 ****
make -j6 all 
arm-none-eabi-size   STM32H725VGT6.elf 
   text	   data	    bss	    dec	    hex	filename
   2844	     24	   1568	   4436	   1154	STM32H725VGT6.elf
Finished building: default.size.stdout
 
19:24:31 **** Incremental Build of configuration Debug for project STM32H725VGT6 ****
make -j6 all 
arm-none-eabi-size   STM32H725VGT6.elf 
   text	   data	    bss	    dec	    hex	filename
   2844	     24	   1568	   4436	   1154	STM32H725VGT6.elf
Finished building: default.size.stdout
 
19:28:40 **** Incremental Build of configuration Debug for project STM32H725VGT6 ****
make -j6 all 
arm-none-eabi-size   STM32H725VGT6.elf 
   text	   data	    bss	    dec	    hex	filename
   2844	     24	   1568	   4436	   1154	STM32H725VGT6.elf
Finished building: default.size.stdout
 
19:45:15 **** Incremental Build of configuration Debug for project STM32H725VGT6 ****
make -j6 all 
arm-none-eabi-size   STM32H725VGT6.elf 
   text	   data	    bss	    dec	    hex	filename
   2844	     24	   1568	   4436	   1154	STM32H725VGT6.elf
Finished building: default.size.stdout
 
19:48:35 **** Incremental Build of configuration Debug for project STM32H725VGT6 ****
make -j6 all 
arm-none-eabi-size   STM32H725VGT6.elf 
   text	   data	    bss	    dec	    hex	filename
   2844	     24	   1568	   4436	   1154	STM32H725VGT6.elf
Finished building: default.size.stdout
 
19:48:43 **** Incremental Build of configuration Debug for project STM32H725VGT6 ****
make -j6 all 
arm-none-eabi-size   STM32H725VGT6.elf 
   text	   data	    bss	    dec	    hex	filename
   2844	     24	   1568	   4436	   1154	STM32H725VGT6.elf
Finished building: default.size.stdout
 
19:49:50 **** Incremental Build of configuration Debug for project STM32H725VGT6 ****
make -j6 all 
arm-none-eabi-size   STM32H725VGT6.elf 
   text	   data	    bss	    dec	    hex	filename
   2844	     24	   1568	   4436	   1154	STM32H725VGT6.elf
Finished building: default.size.stdout
 
19:54:26 **** Incremental Build of configuration Debug for project STM32H725VGT6 ****
make -j6 all 
arm-none-eabi-size   STM32H725VGT6.elf 
   text	   data	    bss	    dec	    hex	filename
   2844	     24	   1568	   4436	   1154	STM32H725VGT6.elf
Finished building: default.size.stdout
 
