23:01:12 **** Incremental Build of configuration Debug for project STM32H725VGT6 ****
make -j6 all 
arm-none-eabi-gcc "../Core/Src/DLED_src/DLED.c" -mcpu=cortex-m7 -std=gnu11 -g3 -DDEBUG -DUSE_HAL_DRIVER -DSTM32H725xx -c -I../Core/Inc -I../Drivers/STM32H7xx_HAL_Driver/Inc -I../Drivers/STM32H7xx_HAL_Driver/Inc/Legacy -I../Drivers/CMSIS/Device/ST/STM32H7xx/Include -I../Drivers/CMSIS/Include -O0 -ffunction-sections -fdata-sections -Wall -fstack-usage -MMD -MP -MF"Core/Src/DLED_src/DLED.d" -MT"Core/Src/DLED_src/DLED.o" --specs=nano.specs -mfpu=fpv5-d16 -mfloat-abi=hard -mthumb -o "Core/Src/DLED_src/DLED.o"
arm-none-eabi-gcc -o "STM32H725VGT6.elf" @"objects.list"   -mcpu=cortex-m7 -T"/home/halmon/Pulpit/KK/_MIKROKONTROLERY/ukończone/__ze_schematem(kompletne)/7DLIB/program/Examples/STM32/STM32H725VGT6/STM32H725VGTX_FLASH.ld" --specs=nosys.specs -Wl,-Map="STM32H725VGT6.map" -Wl,--gc-sections -static --specs=nano.specs -mfpu=fpv5-d16 -mfloat-abi=hard -mthumb -Wl,--start-group -lc -lm -Wl,--end-group
Finished building target: STM32H725VGT6.elf
 
arm-none-eabi-size   STM32H725VGT6.elf 
arm-none-eabi-objdump -h -S  STM32H725VGT6.elf  > "STM32H725VGT6.list"
   text	   data	    bss	    dec	    hex	filename
   2844	     24	   1568	   4436	   1154	STM32H725VGT6.elf
Finished building: default.size.stdout
 
Finished building: STM32H725VGT6.list
 
